Microchip MPLAB XC8 Compiler V2.41

Linker command line:

-W-3 \
  --edf=C:\Program Files\Microchip\xc8\v2.41\pic\dat\20230208172133_en.msgs \
  -cn -h+dist/default/debug\PHASE_2B.X.debug.sym \
  --cmf=dist/default/debug\PHASE_2B.X.debug.cmf -z -Q18F4321 \
  -oC:\Users\joaqu\AppData\Local\Temp\xcAsh7o.\driver_tmp_3.o \
  --defsym=__MPLAB_BUILD=1 --fixupoverflow=error \
  -Mdist/default/debug/PHASE_2B.X.debug.map \
  --md=C:\Users\joaqu\AppData\Local\Temp\xcAsh7o.\driver_tmp_0.dat -E1 \
  -ver=XC8 Compiler --acfsm=1493 -ACODE=00h-01DBFh -ACONST=00h-01DBFh \
  -ASMALLCONST=0200h-02FFhx27,01D00h-01DBFh -AMEDIUMCONST=0200h-01DBFh \
  -ACOMRAM=01h-07Fh -AABS1=00h-01F3h -ABIGRAM=01h-01F3h \
  -ARAM=080h-0FFh,0100h-01F3h -ABANK0=080h-0FFh -ABANK1=0100h-01F3h \
  -ASFR=0F80h-0FD3h,0FD5h-0FDAh,0FE0h-0FE2h,0FE8h-0FEAh,0FF0h-0FFCh \
  -ABIGSFR=0F80h-0FD3h,0FD5h-0FDAh,0FE0h-0FE2h,0FE8h-0FEAh,0FF0h-0FFCh \
  -ACONFIG=0300000h-030000Dh -AIDLOC=0200000h-0200007h \
  -AEEDATA=0F00000h-0F000FFh -peeprom_data=EEDATA \
  -preset_vec=00h,intcode=08h,intcodelo,powerup,init -pramtop=0200h \
  -psmallconst=SMALLCONST -pmediumconst=MEDIUMCONST -pconst=CONST \
  -AFARRAM=00h-00h \
  -prdata=COMRAM,nvrram=COMRAM,nvbit=COMRAM,rbss=COMRAM,rbit=COMRAM \
  -pfarbss=FARRAM,fardata=FARRAM,nvFARRAM=FARRAM \
  -pintsave_regs=BIGRAM,bigbss=BIGRAM,bigdata=BIGRAM -pbss=RAM \
  -pidata=CODE,irdata=CODE,ibigdata=CODE,ifardata=CODE -prparam=COMRAM \
  C:\Users\joaqu\AppData\Local\Temp\xcAsh7o.\driver_tmp_9.o \
  dist/default/debug\PHASE_2B.X.debug.o 

Object code version is 3.11

Machine type is 18F4321



                Name                               Link     Load   Length Selector   Space Scale
C:\Users\joaqu\AppData\Local\Temp\xcAsh7o.\driver_tmp_9.o
                idloc                            200000   200000        8        0       5
                config                           300000   300000        E        0       4
                init                                 12       12        4        4       0
                reset_vec                             0        0        4        0       0
dist/default/debug\PHASE_2B.X.debug.o
                intcode                               8        8        A        4       0
                idloc                            200000   200000        8        0       5
                config                           300000   300000        E        0       4
                temp                                 75       75        1        1       1
                smallconst                          200      200       CE      100       0
                text69                             1DA2     1DA2       18      167       0
                text67                             1814     1814       68      167       0
                text66                             17AC     17AC       68      167       0
                text65                             1AD4     1AD4       32      167       0
                text64                             1652     1652       7A      167       0
                text63                             18D8     18D8       50      167       0
                text62                             1BBA     1BBA       28      167       0
                text61                             1A6E     1A6E       34      167       0
                text60                             1970     1970       48      167       0
                text59                             19B8     19B8       44      167       0
                text58                             10EA     10EA      102      167       0
                text57                             1B06     1B06       30      167       0
                text56                             140E     140E       A6      167       0
                text55                             1D8A     1D8A       18      167       0
                text54                             1CB6     1CB6       20      167       0
                text53                             1C08     1C08       26      167       0
                text52                               B8       B8        E        4       0
                text51                               2C       2C       16        4       0
                text50                             1CF4     1CF4       1C      167       0
                text49                             1D72     1D72       18      167       0
                text48                             12B2     12B2       B2      167       0
                text47                             1C74     1C74       22      167       0
                text46                               6A       6A       12        4       0
                text45                              128      128        6        4       0
                text44                              E92      E92      150      167       0
                text43                               F6       F6        C        4       0
                text42                               EA       EA        C        4       0
                text41                             1AA2     1AA2       32      167       0
                text40                             1364     1364       AA      167       0
                text39                             15D4     15D4       7E      167       0
                text38                             19FC     19FC       3A      167       0
                text37                             1B90     1B90       2A      167       0
                text36                               DE       DE        C        4       0
                text35                               D2       D2        C        4       0
                text34                              122      122        6        4       0
                text33                               AA       AA        E        4       0
                text32                              136      136        4        4       0
                text31                              102      102        A        4       0
                text30                               8C       8C       10        4       0
                text29                             1C52     1C52       22      167       0
                text28                              114      114        8        4       0
                text27                             1B64     1B64       2C      167       0
                text26                              AD6      AD6      3BC      167       0
                text25                             1BE2     1BE2       26      167       0
                text24                             1CD6     1CD6       1E      167       0
                text23                             11EC     11EC       C6      167       0
                text22                             173C     173C       70      167       0
                text21                             1D10     1D10       1A      167       0
                text20                             16CC     16CC       70      167       0
                text19                               7C       7C       10        4       0
                text18                              132      132        4        4       0
                text17                              12E      12E        4        4       0
                text16                             1D5A     1D5A       18      167       0
                text15                             1D42     1D42       18      167       0
                text14                             1A36     1A36       38      167       0
                text13                               9C       9C        E        4       0
                text12                             1D2A     1D2A       18      167       0
                text11                             1B36     1B36       2E      167       0
                text10                             1C96     1C96       20      167       0
                text9                                16       16       16        4       0
                text8                              1C2E     1C2E       24      167       0
                text7                               11C      11C        6        4       0
                text6                                C6       C6        C        4       0
                text5                              1DBA     1DBA        6      167       0
                text4                               2CE      2CE      808      167       0
                text3                              1546     1546       8E      167       0
                text2                                56       56       14        4       0
                text1                               FE2      FE2      108      167       0
                text0                              1928     1928       48      167       0
                cstackCOMRAM                         4B       4B       22        1       1
                dataBANK1                           14B      14B       14      100       1
                bssBANK1                            100      100       4B      100       1
                dataBANK0                            80       80       5C       80       1
                bssBANK0                             DC       DC       18       80       1
                dataCOMRAM                           6D       6D        8        1       1
                bssCOMRAM                             1        1       4A        1       1
                cinit                              14B4     14B4       92      167       0
                idataBANK1                           42       42       14        4       0
                idataBANK0                         187C     187C       5C      167       0
                idataCOMRAM                         10C      10C        8        4       0

TOTAL           Name                               Link     Load   Length     Space
        CLASS   CODE           
                intcode                               8        8        A         0
                init                                 12       12        4         0
                reset_vec                             0        0        4         0
                text69                             1DA2     1DA2       18         0
                text67                             1814     1814       68         0
                text66                             17AC     17AC       68         0
                text65                             1AD4     1AD4       32         0
                text64                             1652     1652       7A         0
                text63                             18D8     18D8       50         0
                text62                             1BBA     1BBA       28         0
                text61                             1A6E     1A6E       34         0
                text60                             1970     1970       48         0
                text59                             19B8     19B8       44         0
                text58                             10EA     10EA      102         0
                text57                             1B06     1B06       30         0
                text56                             140E     140E       A6         0
                text55                             1D8A     1D8A       18         0
                text54                             1CB6     1CB6       20         0
                text53                             1C08     1C08       26         0
                text52                               B8       B8        E         0
                text51                               2C       2C       16         0
                text50                             1CF4     1CF4       1C         0
                text49                             1D72     1D72       18         0
                text48                             12B2     12B2       B2         0
                text47                             1C74     1C74       22         0
                text46                               6A       6A       12         0
                text45                              128      128        6         0
                text44                              E92      E92      150         0
                text43                               F6       F6        C         0
                text42                               EA       EA        C         0
                text41                             1AA2     1AA2       32         0
                text40                             1364     1364       AA         0
                text39                             15D4     15D4       7E         0
                text38                             19FC     19FC       3A         0
                text37                             1B90     1B90       2A         0
                text36                               DE       DE        C         0
                text35                               D2       D2        C         0
                text34                              122      122        6         0
                text33                               AA       AA        E         0
                text32                              136      136        4         0
                text31                              102      102        A         0
                text30                               8C       8C       10         0
                text29                             1C52     1C52       22         0
                text28                              114      114        8         0
                text27                             1B64     1B64       2C         0
                text26                              AD6      AD6      3BC         0
                text25                             1BE2     1BE2       26         0
                text24                             1CD6     1CD6       1E         0
                text23                             11EC     11EC       C6         0
                text22                             173C     173C       70         0
                text21                             1D10     1D10       1A         0
                text20                             16CC     16CC       70         0
                text19                               7C       7C       10         0
                text18                              132      132        4         0
                text17                              12E      12E        4         0
                text16                             1D5A     1D5A       18         0
                text15                             1D42     1D42       18         0
                text14                             1A36     1A36       38         0
                text13                               9C       9C        E         0
                text12                             1D2A     1D2A       18         0
                text11                             1B36     1B36       2E         0
                text10                             1C96     1C96       20         0
                text9                                16       16       16         0
                text8                              1C2E     1C2E       24         0
                text7                               11C      11C        6         0
                text6                                C6       C6        C         0
                text5                              1DBA     1DBA        6         0
                text4                               2CE      2CE      808         0
                text3                              1546     1546       8E         0
                text2                                56       56       14         0
                text1                               FE2      FE2      108         0
                text0                              1928     1928       48         0
                cinit                              14B4     14B4       92         0
                idataBANK1                           42       42       14         0
                idataBANK0                         187C     187C       5C         0
                idataCOMRAM                         10C      10C        8         0

        CLASS   CONST          

        CLASS   SMALLCONST     
                smallconst                          200      200       CE         0

        CLASS   MEDIUMCONST    

        CLASS   COMRAM         
                temp                                 75       75        1         1
                cstackCOMRAM                         4B       4B       22         1
                dataCOMRAM                           6D       6D        8         1
                bssCOMRAM                             1        1       4A         1

        CLASS   ABS1           

        CLASS   BIGRAM         

        CLASS   RAM            

        CLASS   BANK0          
                dataBANK0                            80       80       5C         1
                bssBANK0                             DC       DC       18         1

        CLASS   BANK1          
                dataBANK1                           14B      14B       14         1
                bssBANK1                            100      100       4B         1

        CLASS   SFR            

        CLASS   BIGSFR         

        CLASS   CONFIG         
                config                           300000   300000        E         4

        CLASS   IDLOC          
                idloc                            200000   200000        8         5

        CLASS   EEDATA         

        CLASS   FARRAM         

        CLASS   HEAP           

        CLASS   STACK          



SEGMENTS        Name                           Load    Length   Top    Selector   Space  Class

                reset_vec                      000000  000004  000004         0       0  CODE    
                bssCOMRAM                      000001  000075  000076         1       1  COMRAM  
                intcode                        000008  000132  00013A         4       0  CODE    
                dataBANK0                      000080  000074  0000F4        80       1  BANK0   
                bssBANK1                       000100  00005F  00015F       100       1  BANK1   
                smallconst                     000200  0000CE  0002CE       100       0  SMALLCON
                text4                          0002CE  001AF2  001DC0       167       0  CODE    


UNUSED ADDRESS RANGES

        Name                Unused          Largest block    Delta
        BANK0            0000F4-0000FF                C
        BANK1            00015F-0001F3               95
        BIGRAM           000076-00007F                A
                         0000F4-0000FF                C
                         00015F-0001F3               95
        BIGSFR           000F80-000FD3               54
                         000FD5-000FDA                6
                         000FE0-000FE2                3
                         000FE8-000FEA                3
                         000FF0-000FFC                D
        CODE             000004-000007                4
                         00013A-0001FF               C6
        COMRAM           000076-00007F                A
        CONST            000004-000007                4
                         00013A-0001FF               C6
        EEDATA           F00000-F000FF              100
        RAM              0000F4-0000FF                C
                         00015F-0001F3               95
        SFR              000F80-000FD3               54
                         000FD5-000FDA                6
                         000FE0-000FE2                3
                         000FE8-000FEA                3
                         000FF0-000FFC                D

                                  Symbol Table

?_TI_GetTics                    cstackCOMRAM 00004B
?___awmod                       cstackCOMRAM 00004B
?_getColumn                     cstackCOMRAM 00004B
?_getSysTimestamp               cstackCOMRAM 00004B
CantaData@Data                  cstackCOMRAM 00004D
CantaIR@IR                      cstackCOMRAM 00004D
CantaPartAlta@c                 cstackCOMRAM 00004C
CantaPartBaixa@c                cstackCOMRAM 00004C
EscriuPrimeraOrdre@ordre        cstackCOMRAM 00004C
Espera@Timer                    cstackCOMRAM 000058
Espera@ms                       cstackCOMRAM 00005A
KeGetCharValue@generic          cstackCOMRAM 000050
LcGotoXY@Column                 cstackCOMRAM 000060
LcGotoXY@Fisics                 cstackCOMRAM 00005E
LcGotoXY@Row                    cstackCOMRAM 000059
LcInit@columns                  cstackCOMRAM 000060
LcInit@i                        cstackCOMRAM 000062
LcInit@rows                     cstackCOMRAM 000061
LcPutChar@c                     cstackCOMRAM 000061
TI_GetTics@CopyCurrentTics      cstackCOMRAM 000053
TI_GetTics@TimerHandle          cstackCOMRAM 000057
TI_Init@counter                 cstackCOMRAM 00004B
TI_NewTimer@Counter             cstackCOMRAM 00004E
TI_NewTimer@TimerHandle         cstackCOMRAM 00004B
TI_ResetTics@TimerHandle        cstackCOMRAM 00004B
WaitForBusy@Busy                cstackCOMRAM 000058
_ADCON0                         (abs)        000FC2
_ADCON0bits                     (abs)        000FC2
_ADCON1                         (abs)        000FC1
_ADCON2                         (abs)        000FC0
_ADRESH                         (abs)        000FC4
_BAUDCONbits                    (abs)        000FB8
_CURRENTTIME                    dataBANK0    000090
_CantaData                      text41       001AA2
_CantaIR                        text65       001AD4
_CantaPartAlta                  text67       001814
_CantaPartBaixa                 text66       0017AC
_ColumnAct                      bssCOMRAM    00003B
_Columns                        bssCOMRAM    00003D
_EEADR                          (abs)        000FA9
_EECON1bits                     (abs)        000FA6
_EECON2                         (abs)        000FA7
_EEDATA                         (abs)        000FA8
_ENDCOMMUNICATION               dataBANK0    0000D1
_ERRORMESSAGES                  dataBANK1    00014B
_EscriuPrimeraOrdre             text64       001652
_Espera                         text61       001A6E
_INTCON2bits                    (abs)        000FF1
_INTCONbits                     (abs)        000FF2
_KeGetCharValue                 text23       0011EC
_KeGetGenericValue              text24       001CD6
_LATBbits                       (abs)        000F8A
_LATCbits                       (abs)        000F8B
_LATDbits                       (abs)        000F8C
_LcClear                        text10       001C96
_LcCursorOff                    text43       0000F6
_LcCursorOn                     text42       0000EA
_LcGotoXY                       text40       001364
_LcGotoXY$528                   cstackCOMRAM 00005C
_LcInit                         text58       0010EA
_LcPutChar                      text39       0015D4
_MAINMENU                       smallconst   00020D
_MODIFYTIME                     dataBANK0    0000AC
_MUSICDELAY                     dataBANK0    000080
_MUSICPERIODS                   dataCOMRAM   00006D
_PIR1bits                       (abs)        000F9E
_PLAYRECORDINGS                 dataBANK0    0000B9
_PORTBbits                      (abs)        000F81
_PORTDbits                      (abs)        000F83
_PORTNAMEMENU                   dataBANK0    0000C5
_RCREG                          (abs)        000FAE
_RCSTAbits                      (abs)        000FAB
_RSI_High                       intcode      000008
_RSI_Timer0                     text69       001DA2
_RowAct                         bssCOMRAM    00003C
_Rows                           bssCOMRAM    00003E
_SMSTABLE                       smallconst   000297
_SPBRG                          (abs)        000FAF
_SPBRGH                         (abs)        000FB0
_STARTRECORDING                 dataBANK0    00009E
_T0CON                          (abs)        000FD5
_TABLE                          smallconst   000201
_TI_GetTics                     text63       0018D8
_TI_Init                        text57       001B06
_TI_NewTimer                    text60       001970
_TI_ResetTics                   text62       001BBA
_TMR0                           (abs)        000FD6
_TMR0IF                         (abs)        007F92
_TRISAbits                      (abs)        000F92
_TRISBbits                      (abs)        000F93
_TRISCbits                      (abs)        000F94
_TRISDbits                      (abs)        000F95
_TXREG                          (abs)        000FAD
_TXSTAbits                      (abs)        000FAC
_Tics                           bssCOMRAM    000017
_Timers                         bssBANK1     000100
_WaitForBusy                    text59       0019B8
__HRAM                          (abs)        000000
__H__absolute__                 __absolute__ 000000
__Habs1                         abs1         000000
__Hbank0                        bank0        000000
__Hbank1                        bank1        000000
__Hbigbss                       bigbss       000000
__Hbigdata                      bigdata      000000
__Hbigram                       bigram       000000
__Hbigsfr                       bigsfr       000000
__Hbss                          bss          000000
__HbssBANK0                     bssBANK0     000000
__HbssBANK1                     bssBANK1     000000
__HbssCOMRAM                    bssCOMRAM    000000
__Hcinit                        cinit        000000
__Hclrtext                      clrtext      000000
__Hcomram                       comram       000000
__Hconfig                       config       30000E
__Hconst                        const        000000
__HcstackCOMRAM                 cstackCOMRAM 000000
__Hdata                         data         000000
__HdataBANK0                    dataBANK0    000000
__HdataBANK1                    dataBANK1    000000
__HdataCOMRAM                   dataCOMRAM   000000
__Heeprom_data                  eeprom_data  000000
__Hfarbss                       farbss       000000
__Hfardata                      fardata      000000
__Hheap                         heap         000000
__Hibigdata                     ibigdata     000000
__Hidata                        idata        000000
__HidataBANK0                   idataBANK0   000000
__HidataBANK1                   idataBANK1   000000
__HidataCOMRAM                  idataCOMRAM  000000
__Hidloc                        idloc        200008
__Hifardata                     ifardata     000000
__Hinit                         init         000016
__Hintcode                      intcode      000012
__Hintcode_body                 intcode_body 000000
__Hintcodelo                    intcodelo    000012
__Hintentry                     intentry     000000
__Hintret                       intret       000000
__Hintsave_regs                 intsave_regs 000000
__Hirdata                       irdata       000000
__Hmediumconst                  mediumconst  000000
__HnvFARRAM                     nvFARRAM     000000
__Hnvbit                        nvbit        000000
__Hnvrram                       nvrram       000000
__Hparam                        rparam       000000
__Hpowerup                      powerup      000012
__Hram                          ram          000000
__Hramtop                       ramtop       000200
__Hrbit                         rbit         000000
__Hrbss                         rbss         000000
__Hrdata                        rdata        000000
__Hreset_vec                    reset_vec    000004
__Hrparam                       rparam       000000
__Hsfr                          sfr          000000
__Hsmallconst                   smallconst   0002CE
__Hspace_0                      (abs)        001DC0
__Hspace_1                      (abs)        00015F
__Hspace_2                      (abs)        000000
__Hspace_4                      (abs)        60000E
__Hstack                        stack        000000
__Hstruct                       struct       000000
__Htemp                         temp         000076
__Htext                         text         000000
__Htext0                        text0        000000
__Htext1                        text1        000000
__Htext10                       text10       000000
__Htext11                       text11       000000
__Htext12                       text12       000000
__Htext13                       text13       000000
__Htext14                       text14       000000
__Htext15                       text15       000000
__Htext16                       text16       000000
__Htext17                       text17       000000
__Htext18                       text18       000000
__Htext19                       text19       000000
__Htext2                        text2        000000
__Htext20                       text20       000000
__Htext21                       text21       000000
__Htext22                       text22       000000
__Htext23                       text23       000000
__Htext24                       text24       000000
__Htext25                       text25       000000
__Htext26                       text26       000000
__Htext27                       text27       000000
__Htext28                       text28       000000
__Htext29                       text29       000000
__Htext3                        text3        000000
__Htext30                       text30       000000
__Htext31                       text31       000000
__Htext32                       text32       000000
__Htext33                       text33       000000
__Htext34                       text34       000000
__Htext35                       text35       000000
__Htext36                       text36       000000
__Htext37                       text37       000000
__Htext38                       text38       000000
__Htext39                       text39       000000
__Htext4                        text4        000000
__Htext40                       text40       000000
__Htext41                       text41       000000
__Htext42                       text42       000000
__Htext43                       text43       000000
__Htext44                       text44       000000
__Htext45                       text45       000000
__Htext46                       text46       000000
__Htext47                       text47       000000
__Htext48                       text48       000000
__Htext49                       text49       000000
__Htext5                        text5        000000
__Htext50                       text50       000000
__Htext51                       text51       000000
__Htext52                       text52       000000
__Htext53                       text53       000000
__Htext54                       text54       000000
__Htext55                       text55       000000
__Htext56                       text56       000000
__Htext57                       text57       000000
__Htext58                       text58       000000
__Htext59                       text59       000000
__Htext6                        text6        000000
__Htext60                       text60       000000
__Htext61                       text61       000000
__Htext62                       text62       000000
__Htext63                       text63       000000
__Htext64                       text64       000000
__Htext65                       text65       000000
__Htext66                       text66       000000
__Htext67                       text67       000000
__Htext69                       text69       000000
__Htext7                        text7        000000
__Htext8                        text8        000000
__Htext9                        text9        000000
__LRAM                          (abs)        000001
__L__absolute__                 __absolute__ 000000
__Labs1                         abs1         000000
__Lbank0                        bank0        000000
__Lbank1                        bank1        000000
__Lbigbss                       bigbss       000000
__Lbigdata                      bigdata      000000
__Lbigram                       bigram       000000
__Lbigsfr                       bigsfr       000000
__Lbss                          bss          000000
__LbssBANK0                     bssBANK0     000000
__LbssBANK1                     bssBANK1     000000
__LbssCOMRAM                    bssCOMRAM    000000
__Lcinit                        cinit        000000
__Lclrtext                      clrtext      000000
__Lcomram                       comram       000000
__Lconfig                       config       000000
__Lconst                        const        000000
__LcstackCOMRAM                 cstackCOMRAM 000000
__Ldata                         data         000000
__LdataBANK0                    dataBANK0    000000
__LdataBANK1                    dataBANK1    000000
__LdataCOMRAM                   dataCOMRAM   000000
__Leeprom_data                  eeprom_data  000000
__Lfarbss                       farbss       000000
__Lfardata                      fardata      000000
__Lheap                         heap         000000
__Libigdata                     ibigdata     000000
__Lidata                        idata        000000
__LidataBANK0                   idataBANK0   000000
__LidataBANK1                   idataBANK1   000000
__LidataCOMRAM                  idataCOMRAM  000000
__Lidloc                        idloc        000000
__Lifardata                     ifardata     000000
__Linit                         init         000012
__Lintcode                      intcode      000008
__Lintcode_body                 intcode_body 000000
__Lintcodelo                    intcodelo    000012
__Lintentry                     intentry     000000
__Lintret                       intret       000000
__Lintsave_regs                 intsave_regs 000000
__Lirdata                       irdata       000000
__Lmediumconst                  mediumconst  000000
__LnvFARRAM                     nvFARRAM     000000
__Lnvbit                        nvbit        000000
__Lnvrram                       nvrram       000000
__Lparam                        rparam       000000
__Lpowerup                      powerup      000012
__Lram                          ram          000000
__Lramtop                       ramtop       000200
__Lrbit                         rbit         000000
__Lrbss                         rbss         000000
__Lrdata                        rdata        000000
__Lreset_vec                    reset_vec    000000
__Lrparam                       rparam       000000
__Lsfr                          sfr          000000
__Lsmallconst                   smallconst   000200
__Lspace_0                      (abs)        000000
__Lspace_1                      (abs)        000000
__Lspace_2                      (abs)        000000
__Lspace_4                      (abs)        000000
__Lstack                        stack        000000
__Lstruct                       struct       000000
__Ltemp                         temp         000075
__Ltext                         text         000000
__Ltext0                        text0        000000
__Ltext1                        text1        000000
__Ltext10                       text10       000000
__Ltext11                       text11       000000
__Ltext12                       text12       000000
__Ltext13                       text13       000000
__Ltext14                       text14       000000
__Ltext15                       text15       000000
__Ltext16                       text16       000000
__Ltext17                       text17       000000
__Ltext18                       text18       000000
__Ltext19                       text19       000000
__Ltext2                        text2        000000
__Ltext20                       text20       000000
__Ltext21                       text21       000000
__Ltext22                       text22       000000
__Ltext23                       text23       000000
__Ltext24                       text24       000000
__Ltext25                       text25       000000
__Ltext26                       text26       000000
__Ltext27                       text27       000000
__Ltext28                       text28       000000
__Ltext29                       text29       000000
__Ltext3                        text3        000000
__Ltext30                       text30       000000
__Ltext31                       text31       000000
__Ltext32                       text32       000000
__Ltext33                       text33       000000
__Ltext34                       text34       000000
__Ltext35                       text35       000000
__Ltext36                       text36       000000
__Ltext37                       text37       000000
__Ltext38                       text38       000000
__Ltext39                       text39       000000
__Ltext4                        text4        000000
__Ltext40                       text40       000000
__Ltext41                       text41       000000
__Ltext42                       text42       000000
__Ltext43                       text43       000000
__Ltext44                       text44       000000
__Ltext45                       text45       000000
__Ltext46                       text46       000000
__Ltext47                       text47       000000
__Ltext48                       text48       000000
__Ltext49                       text49       000000
__Ltext5                        text5        000000
__Ltext50                       text50       000000
__Ltext51                       text51       000000
__Ltext52                       text52       000000
__Ltext53                       text53       000000
__Ltext54                       text54       000000
__Ltext55                       text55       000000
__Ltext56                       text56       000000
__Ltext57                       text57       000000
__Ltext58                       text58       000000
__Ltext59                       text59       000000
__Ltext6                        text6        000000
__Ltext60                       text60       000000
__Ltext61                       text61       000000
__Ltext62                       text62       000000
__Ltext63                       text63       000000
__Ltext64                       text64       000000
__Ltext65                       text65       000000
__Ltext66                       text66       000000
__Ltext67                       text67       000000
__Ltext69                       text69       000000
__Ltext7                        text7        000000
__Ltext8                        text8        000000
__Ltext9                        text9        000000
__S0                            (abs)        001DC0
__S1                            (abs)        00015F
__S4                            (abs)        000000
__S5                            (abs)        000000
___awmod                        text22       00173C
___awmod@counter                cstackCOMRAM 00004F
___awmod@dividend               cstackCOMRAM 00004B
___awmod@divisor                cstackCOMRAM 00004D
___awmod@sign                   cstackCOMRAM 000050
___heap_hi                      (abs)        000000
___heap_lo                      (abs)        000000
___inthi_sp                     stack        000000
___intlo_sp                     stack        000000
___lbdiv                        text38       0019FC
___lbdiv@counter                cstackCOMRAM 00004D
___lbdiv@dividend               cstackCOMRAM 00004C
___lbdiv@divisor                cstackCOMRAM 00004B
___lbdiv@quotient               cstackCOMRAM 00004E
___lbmod                        text37       001B90
___lbmod@counter                cstackCOMRAM 00004D
___lbmod@dividend               cstackCOMRAM 00004C
___lbmod@divisor                cstackCOMRAM 00004B
___lbmod@rem                    cstackCOMRAM 00004E
___param_bank                   (abs)        000000
___rparam_used                  (abs)        000001
___sp                           stack        000000
__accesstop                     (abs)        000080
__activetblptr                  (abs)        000002
__end_of_CantaData              text41       001AD4
__end_of_CantaIR                text65       001B06
__end_of_CantaPartAlta          text67       00187C
__end_of_CantaPartBaixa         text66       001814
__end_of_EscriuPrimeraOrdre     text64       0016CC
__end_of_Espera                 text61       001AA2
__end_of_KeGetCharValue         text23       0012B2
__end_of_KeGetGenericValue      text24       001CF4
__end_of_LcClear                text10       001CB6
__end_of_LcCursorOff            text43       000102
__end_of_LcCursorOn             text42       0000F6
__end_of_LcGotoXY               text40       00140E
__end_of_LcInit                 text58       0011EC
__end_of_LcPutChar              text39       001652
__end_of_MAINMENU               smallconst   000297
__end_of_RSI_High               intcode      000012
__end_of_RSI_Timer0             text69       001DBA
__end_of_SMSTABLE               smallconst   0002CD
__end_of_TABLE                  smallconst   00020D
__end_of_TI_GetTics             text63       001928
__end_of_TI_Init                text57       001B36
__end_of_TI_NewTimer            text60       0019B8
__end_of_TI_ResetTics           text62       001BE2
__end_of_WaitForBusy            text59       0019FC
__end_of___awmod                text22       0017AC
__end_of___lbdiv                text38       001A36
__end_of___lbmod                text37       001BBA
__end_of__initialization        cinit        001538
__end_of_audioLoop              text56       0014B4
__end_of_checkRX                text36       0000EA
__end_of_checkTX                text35       0000DE
__end_of_displayMenu            text20       00173C
__end_of_displayRecordings      text19       00008C
__end_of_displayTimestamp       text34       000128
__end_of_finishedDisplay        text33       0000B8
__end_of_getAvailable           text18       000136
__end_of_getColumn              text25       001C08
__end_of_getColumnAct           text17       000132
__end_of_getDigit               text47       001C96
__end_of_getJoystickDown        text16       001D72
__end_of_getJoystickUp          text15       001D5A
__end_of_getNumRecordings       text14       001A6E
__end_of_getRX                  text32       00013A
__end_of_getSysTimestamp        text31       00010C
__end_of_incrementSysTimestamp  text2        00006A
__end_of_initAudio              text55       001DA2
__end_of_initJoystick           text54       001CD6
__end_of_initKeypad             text53       001C2E
__end_of_initMemory             text52       0000C6
__end_of_initMenu               text51       000042
__end_of_initSIO                text50       001D10
__end_of_initSysTimer           text49       001D8A
__end_of_isIdle                 text13       0000AA
__end_of_isPressed              text12       001D42
__end_of_joystickLoop           text48       001364
__end_of_keypadLoop             text44       000FE2
__end_of_lcdAddString           text11       001B64
__end_of_main                   text0        001970
__end_of_memoryLoop             text26       000E92
__end_of_menuLoop               text4        000AD6
__end_of_moveOneRow             text21       001D2A
__end_of_playMusic              text46       00007C
__end_of_readData               text30       00009C
__end_of_refreshDisplay         text8        001C52
__end_of_resetDisplay           text9        00002C
__end_of_saveData               text29       001C74
__end_of_saveIndex              text7        000122
__end_of_sendIndex              text6        0000D2
__end_of_sendTimestamp          text5        001DC0
__end_of_setTX                  text28       00011C
__end_of_smsLoop                text3        0015D4
__end_of_stopMusic              text45       00012E
__end_of_sysTimerLoop           text1        0010EA
__end_of_updateSysTimestamp     text27       001B90
__initialization                cinit        0014B4
__mediumconst                   mediumconst  000000
__pbssBANK0                     bssBANK0     0000DC
__pbssBANK1                     bssBANK1     000100
__pbssCOMRAM                    bssCOMRAM    000001
__pcinit                        cinit        0014B4
__pcstackCOMRAM                 cstackCOMRAM 00004B
__pdataBANK0                    dataBANK0    000080
__pdataBANK1                    dataBANK1    00014B
__pdataCOMRAM                   dataCOMRAM   00006D
__pidataBANK0                   idataBANK0   00187C
__pidataBANK1                   idataBANK1   000042
__pidataCOMRAM                  idataCOMRAM  00010C
__pintcode                      intcode      000008
__psmallconst                   smallconst   000200
__ptext0                        text0        001928
__ptext1                        text1        000FE2
__ptext10                       text10       001C96
__ptext11                       text11       001B36
__ptext12                       text12       001D2A
__ptext13                       text13       00009C
__ptext14                       text14       001A36
__ptext15                       text15       001D42
__ptext16                       text16       001D5A
__ptext17                       text17       00012E
__ptext18                       text18       000132
__ptext19                       text19       00007C
__ptext2                        text2        000056
__ptext20                       text20       0016CC
__ptext21                       text21       001D10
__ptext22                       text22       00173C
__ptext23                       text23       0011EC
__ptext24                       text24       001CD6
__ptext25                       text25       001BE2
__ptext26                       text26       000AD6
__ptext27                       text27       001B64
__ptext28                       text28       000114
__ptext29                       text29       001C52
__ptext3                        text3        001546
__ptext30                       text30       00008C
__ptext31                       text31       000102
__ptext32                       text32       000136
__ptext33                       text33       0000AA
__ptext34                       text34       000122
__ptext35                       text35       0000D2
__ptext36                       text36       0000DE
__ptext37                       text37       001B90
__ptext38                       text38       0019FC
__ptext39                       text39       0015D4
__ptext4                        text4        0002CE
__ptext40                       text40       001364
__ptext41                       text41       001AA2
__ptext42                       text42       0000EA
__ptext43                       text43       0000F6
__ptext44                       text44       000E92
__ptext45                       text45       000128
__ptext46                       text46       00006A
__ptext47                       text47       001C74
__ptext48                       text48       0012B2
__ptext49                       text49       001D72
__ptext5                        text5        001DBA
__ptext50                       text50       001CF4
__ptext51                       text51       00002C
__ptext52                       text52       0000B8
__ptext53                       text53       001C08
__ptext54                       text54       001CB6
__ptext55                       text55       001D8A
__ptext56                       text56       00140E
__ptext57                       text57       001B06
__ptext58                       text58       0010EA
__ptext59                       text59       0019B8
__ptext6                        text6        0000C6
__ptext60                       text60       001970
__ptext61                       text61       001A6E
__ptext62                       text62       001BBA
__ptext63                       text63       0018D8
__ptext64                       text64       001652
__ptext65                       text65       001AD4
__ptext66                       text66       0017AC
__ptext67                       text67       001814
__ptext69                       text69       001DA2
__ptext7                        text7        00011C
__ptext8                        text8        001C2E
__ptext9                        text9        000016
__ramtop                        ramtop       000200
__smallconst                    smallconst   000200
_audioLoop                      text56       00140E
_available                      bssCOMRAM    00002B
_checkRX                        text36       0000DE
_checkTX                        text35       0000D2
_colIndex                       bssCOMRAM    000039
_currentKey                     bssCOMRAM    00002F
_data                           bssCOMRAM    000025
_direction                      bssCOMRAM    000042
_displayMenu                    text20       0016CC
_displayPos                     bssCOMRAM    000038
_displayRecordings              text19       00007C
_displayTimestamp               text34       000122
_finishedDisplay                text33       0000AA
_getAvailable                   text18       000132
_getColumn                      text25       001BE2
_getColumnAct                   text17       00012E
_getDigit                       text47       001C74
_getJoystickDown                text16       001D5A
_getJoystickDown$241            cstackCOMRAM 00004B
_getJoystickUp                  text15       001D42
_getJoystickUp$243              cstackCOMRAM 00004B
_getNumRecordings               text14       001A36
_getNumRecordings$1492          cstackCOMRAM 00004B
_getNumRecordings$1493          cstackCOMRAM 00004D
_getRX                          text32       000136
_getSysTimestamp                text31       000102
_hasMoved                       bssCOMRAM    000041
_incrementSysTimestamp          text2        000056
_index                          bssCOMRAM    000037
_index@SystemTimer$F848         bssCOMRAM    000030
_indexEEPROM                    bssCOMRAM    000026
_indexTemp                      bssCOMRAM    000027
_initAudio                      text55       001D8A
_initJoystick                   text54       001CB6
_initKeypad                     text53       001C08
_initMemory                     text52       0000B8
_initMenu                       text51       00002C
_initSIO                        text50       001CF4
_initSysTimer                   text49       001D72
_isIdle                         text13       00009C
_isPressed                      text12       001D2A
_isPressed$1105                 cstackCOMRAM 00004B
_joystickLoop                   text48       0012B2
_joystickLoop$239               cstackCOMRAM 00004D
_keypadLoop                     text44       000E92
_lcdAddString                   text11       001B36
_main                           text0        001928
_memoryLoop                     text26       000AD6
_memoryLoop$1475                cstackCOMRAM 000064
_memoryLoop$1476                cstackCOMRAM 000066
_memoryLoop$1478                cstackCOMRAM 000068
_menuLoop                       text4        0002CE
_menuLoop$716                   cstackCOMRAM 00006B
_moveOneRow                     text21       001D10
_numPresses                     bssCOMRAM    00002C
_pTime                          bssCOMRAM    000048
_period                         bssCOMRAM    000032
_playMusic                      text46       00006A
_portName                       bssCOMRAM    000013
_pressed                        bssCOMRAM    00002D
_previous                       bssCOMRAM    00002E
_readData                       text30       00008C
_recordings                     bssBANK0     0000DC
_refreshDisplay                 text8        001C2E
_resetDisplay                   text9        000016
_row                            bssCOMRAM    00001B
_rowIndex                       bssCOMRAM    00003A
_saveData                       text29       001C52
_saveIndex                      text7        00011C
_scroll                         bssCOMRAM    00001F
_scrollIndex                    bssCOMRAM    00001D
_sendIndex                      text6        0000C6
_sendTimestamp                  text5        001DBA
_setTX                          text28       000114
_skipState                      bssCOMRAM    000036
_smsLoop                        text3        001546
_songTime                       bssCOMRAM    000047
_songTimer                      bssCOMRAM    000049
_state                          bssCOMRAM    000043
_state@Audio$F811               bssCOMRAM    000033
_state@EEPROM$F1455             bssCOMRAM    000028
_state@Keypad$F1073             bssCOMRAM    00002A
_state@Menu$F707                bssCOMRAM    000035
_state@SystemTimer$F847         bssCOMRAM    000031
_stateSMS                       bssCOMRAM    000029
_stopMusic                      text45       000128
_sysTimerLoop                   text1        000FE2
_sysTmr                         bssCOMRAM    000046
_timeValue                      bssCOMRAM    000021
_timer                          bssCOMRAM    00004A
_timerBounces                   bssCOMRAM    000045
_timer_SMS                      bssCOMRAM    000044
_timestamp                      bssCOMRAM    000001
_tmpPortChar                    bssCOMRAM    000034
_updateSysTimestamp             text27       001B64
_x                              bssCOMRAM    000040
_y                              bssCOMRAM    00003F
btemp                           temp         000075
displayMenu@string              cstackCOMRAM 000062
displayRecordings@indexPosition cstackCOMRAM 00004B
end_of_initialization           cinit        001538
int$flags                       temp         000075
intlevel0                       text         000000
intlevel1                       text         000000
intlevel2                       text         000000
intlevel3                       text         000000
isa$std                         (abs)        000001
isa$xinst                       (abs)        000000
lcdAddString@string             cstackCOMRAM 000062
playMusic@aux                   cstackCOMRAM 00004C
readData@address                cstackCOMRAM 00004B
saveData@address                cstackCOMRAM 00004C
saveData@data                   cstackCOMRAM 00004B
sendIndex@indexPosition         cstackCOMRAM 00004B
setTX@letter                    cstackCOMRAM 00004B
stackhi                         (abs)        000000
stacklo                         (abs)        000000
start                           init         000012
start_initialization            cinit        0014B4
ttemp5                          temp         000076
ttemp6                          temp         000079
ttemp7                          temp         00007D
updateSysTimestamp@i            cstackCOMRAM 00004E
updateSysTimestamp@time         cstackCOMRAM 00004C
wtemp8                          temp         000076


MODULE INFORMATION

Module		Function		Class		Link	Load	Size
C:\Program Files\Microchip\xc8\v2.41\pic\sources\c99\common\awmod.c
		___awmod       		CODE           	173C	0000	112

C:\Program Files\Microchip\xc8\v2.41\pic\sources\c99\common\awmod.c estimated size: 112

Audio.c
		_initAudio     		CODE           	1D8A	0000	24
		_audioLoop     		CODE           	140E	0000	166
		_playMusic     		CODE           	006A	0000	18
		_stopMusic     		CODE           	0128	0000	6

Audio.c estimated size: 214

Timer.c
		_TI_ResetTics  		CODE           	1BBA	0000	40
		_TI_NewTimer   		CODE           	1970	0000	72
		_RSI_Timer0    		CODE           	1DA2	0000	24
		_TI_Init       		CODE           	1B06	0000	48
		_TI_GetTics    		CODE           	18D8	0000	80

Timer.c estimated size: 264

SystemTimer.c
		_initSysTimer  		CODE           	1D72	0000	24
		_sysTimerLoop  		CODE           	0FE2	0000	264
		_getSysTimestamp		CODE           	0102	0000	10
		_displayTimestamp		CODE           	0122	0000	6
		_incrementSysTimestamp		CODE           	0056	0000	20
		_finishedDisplay		CODE           	00AA	0000	14
		_updateSysTimestamp		CODE           	1B64	0000	44

SystemTimer.c estimated size: 382

Keypad.c
		_smsLoop       		CODE           	1546	0000	142
		_keypadLoop    		CODE           	0E92	0000	336
		_KeGetCharValue		CODE           	11EC	0000	198
		_getColumn     		CODE           	1BE2	0000	38
		_getAvailable  		CODE           	0132	0000	4
		_KeGetGenericValue		CODE           	1CD6	0000	30
		_getDigit      		CODE           	1C74	0000	34
		_initKeypad    		CODE           	1C08	0000	38
		_isPressed     		CODE           	1D2A	0000	24

Keypad.c estimated size: 844

C:\Program Files\Microchip\xc8\v2.41\pic\sources\c99\common\lbmod.c
		___lbmod       		CODE           	1B90	0000	42

C:\Program Files\Microchip\xc8\v2.41\pic\sources\c99\common\lbmod.c estimated size: 42

Menu.c
		_lcdAddString  		CODE           	1B36	0000	46
		_displayMenu   		CODE           	16CC	0000	112
		_moveOneRow    		CODE           	1D10	0000	26
		_refreshDisplay		CODE           	1C2E	0000	36
		_initMenu      		CODE           	002C	0000	22
		_resetDisplay  		CODE           	0016	0000	22
		_menuLoop      		CODE           	02CE	0000	2056

Menu.c estimated size: 2320

SIO.c
		_checkTX       		CODE           	00D2	0000	12
		_checkRX       		CODE           	00DE	0000	12
		_getRX         		CODE           	0136	0000	4
		_initSIO       		CODE           	1CF4	0000	28
		_setTX         		CODE           	0114	0000	8

SIO.c estimated size: 64

EEPROM.c
		_sendIndex     		CODE           	00C6	0000	12
		_saveData      		CODE           	1C52	0000	34
		_initMemory    		CODE           	00B8	0000	14
		_readData      		CODE           	008C	0000	16
		_memoryLoop    		CODE           	0AD6	0000	956
		_getNumRecordings		CODE           	1A36	0000	56
		_saveIndex     		CODE           	011C	0000	6
		_sendTimestamp 		CODE           	1DBA	0000	6
		_displayRecordings		CODE           	007C	0000	16
		_isIdle        		CODE           	009C	0000	14

EEPROM.c estimated size: 1130

LcTLCD.c
		_LcPutChar     		CODE           	15D4	0000	126
		_EscriuPrimeraOrdre		CODE           	1652	0000	122
		_WaitForBusy   		CODE           	19B8	0000	68
		_LcGotoXY      		CODE           	1364	0000	170
		_LcClear       		CODE           	1C96	0000	32
		_CantaData     		CODE           	1AA2	0000	50
		_LcCursorOn    		CODE           	00EA	0000	12
		_LcCursorOff   		CODE           	00F6	0000	12
		_LcInit        		CODE           	10EA	0000	258
		_CantaPartAlta 		CODE           	1814	0000	104
		_Espera        		CODE           	1A6E	0000	52
		_CantaIR       		CODE           	1AD4	0000	50
		_CantaPartBaixa		CODE           	17AC	0000	104
		_getColumnAct  		CODE           	012E	0000	4

LcTLCD.c estimated size: 1164

shared
		__initialization		CODE           	14B4	0000	132
		_SMSTABLE      		SMALLCONST     	0297	0000	54
		_TABLE         		SMALLCONST     	0201	0000	12
		_MAINMENU      		SMALLCONST     	020D	0000	138

shared estimated size: 336

Joystick.c
		_getJoystickDown		CODE           	1D5A	0000	24
		_initJoystick  		CODE           	1CB6	0000	32
		_getJoystickUp 		CODE           	1D42	0000	24
		_joystickLoop  		CODE           	12B2	0000	178

Joystick.c estimated size: 258

C:\Program Files\Microchip\xc8\v2.41\pic\sources\c99\common\lbdiv.c
		___lbdiv       		CODE           	19FC	0000	58

C:\Program Files\Microchip\xc8\v2.41\pic\sources\c99\common\lbdiv.c estimated size: 58

MAIN.c
		_main          		CODE           	1928	0000	72
		_RSI_High      		CODE           	0008	0000	10

MAIN.c estimated size: 82

