Microchip MPLAB XC8 Compiler V2.41

Linker command line:

-W-3 \
  --edf=C:\Program Files\Microchip\xc8\v2.41\pic\dat\20230208172133_en.msgs \
  -cn -h+dist/default/production\PHASE_2B.X.production.sym \
  --cmf=dist/default/production\PHASE_2B.X.production.cmf -z -Q18F4321 \
  -oC:\Users\joaqu\AppData\Local\Temp\xcBs1do.1\driver_tmp_3.o \
  --defsym=__MPLAB_BUILD=1 --fixupoverflow=error \
  -Mdist/default/production/PHASE_2B.X.production.map \
  --md=C:\Users\joaqu\AppData\Local\Temp\xcBs1do.1\driver_tmp_0.dat -E1 \
  -ver=XC8 Compiler --acfsm=1493 -ACODE=00h-01FFFh -ACONST=00h-01FFFh \
  -ASMALLCONST=0200h-02FFhx30 -AMEDIUMCONST=0200h-01FFFh -ACOMRAM=01h-07Fh \
  -AABS1=00h-01FFh -ABIGRAM=01h-01FFh -ARAM=080h-0FFh,0100h-01FFh \
  -ABANK0=080h-0FFh -ABANK1=0100h-01FFh -ASFR=0F80h-0FFFh \
  -ABIGSFR=0F80h-0FFFh -ACONFIG=0300000h-030000Dh -AIDLOC=0200000h-0200007h \
  -AEEDATA=0F00000h-0F000FFh -peeprom_data=EEDATA \
  -preset_vec=00h,intcode=08h,intcodelo,powerup,init -pramtop=0200h \
  -psmallconst=SMALLCONST -pmediumconst=MEDIUMCONST -pconst=CONST \
  -AFARRAM=00h-00h \
  -prdata=COMRAM,nvrram=COMRAM,nvbit=COMRAM,rbss=COMRAM,rbit=COMRAM \
  -pfarbss=FARRAM,fardata=FARRAM,nvFARRAM=FARRAM \
  -pintsave_regs=BIGRAM,bigbss=BIGRAM,bigdata=BIGRAM -pbss=RAM \
  -pidata=CODE,irdata=CODE,ibigdata=CODE,ifardata=CODE -prparam=COMRAM \
  C:\Users\joaqu\AppData\Local\Temp\xcBs1do.1\driver_tmp_9.o \
  dist/default/production\PHASE_2B.X.production.o 

Object code version is 3.11

Machine type is 18F4321



                Name                               Link     Load   Length Selector   Space Scale
C:\Users\joaqu\AppData\Local\Temp\xcBs1do.1\driver_tmp_9.o
                idloc                            200000   200000        8        0       5
                config                           300000   300000        E        0       4
                init                                 12       12        4        4       0
                reset_vec                             0        0        4        0       0
dist/default/production\PHASE_2B.X.production.o
                intcode                               8        8        A        4       0
                idloc                            200000   200000        8        0       5
                config                           300000   300000        E        0       4
                temp                                 7D       7D        1        1       1
                smallconst                          200      200       CE      100       0
                text72                             1ED6     1ED6       18      167       0
                text70                             1946     1946       68      167       0
                text69                             18DE     18DE       68      167       0
                text68                             1BCC     1BCC       32      167       0
                text67                             1784     1784       7A      167       0
                text66                             1A0A     1A0A       50      167       0
                text65                             1CB2     1CB2       28      167       0
                text64                             1B66     1B66       34      167       0
                text63                             1A5A     1A5A       48      167       0
                text62                             1AE8     1AE8       44      167       0
                text61                             1216     1216      102      167       0
                text60                             1BFE     1BFE       30      167       0
                text59                             1540     1540       A6      167       0
                text58                             1EBE     1EBE       18      167       0
                text57                             1DB0     1DB0       20      167       0
                text56                             1D26     1D26       26      167       0
                text55                             1F04     1F04       16      167       0
                text54                             1E0C     1E0C       1C      167       0
                text53                             1E5C     1E5C       1A      167       0
                text52                             13DE     13DE       B8      167       0
                text51                             1D6E     1D6E       22      167       0
                text50                             1F2E     1F2E       12      167       0
                text49                               32       32        6        4       0
                text48                              FBE      FBE      150      167       0
                text47                             1FE0     1FE0        C      167       0
                text46                             1FD4     1FD4        C      167       0
                text45                             1B9A     1B9A       32      167       0
                text44                             1496     1496       AA      167       0
                text43                             1706     1706       7E      167       0
                text42                             1B2C     1B2C       3A      167       0
                text41                             1C88     1C88       2A      167       0
                text40                             1FC8     1FC8        C      167       0
                text39                             1FBC     1FBC        C      167       0
                text38                             1FB0     1FB0        C      167       0
                text37                             1F7E     1F7E        E      167       0
                text36                               40       40        4        4       0
                text35                             1FF6     1FF6        A      167       0
                text34                             1F60     1F60       10      167       0
                text33                             1D4C     1D4C       22      167       0
                text32                               1E       1E        8        4       0
                text31                             1C5C     1C5C       2C      167       0
                text30                              B3E      B3E      480      167       0
                text29                             186E     186E       70      167       0
                text28                             1FEC     1FEC        A      167       0
                text27                             1E42     1E42       1A      167       0
                text26                             17FE     17FE       70      167       0
                text25                             1F50     1F50       10      167       0
                text24                             1D00     1D00       26      167       0
                text23                             1DEE     1DEE       1E      167       0
                text22                             1318     1318       C6      167       0
                text21                               3C       3C        4        4       0
                text20                             1EA6     1EA6       18      167       0
                text19                             1E8E     1E8E       18      167       0
                text18                             1E28     1E28       1A      167       0
                text17                             1F70     1F70        E      167       0
                text16                               38       38        4        4       0
                text15                             1E76     1E76       18      167       0
                text14                             1FA4     1FA4        C      167       0
                text13                             1F98     1F98        C      167       0
                text12                             1C2E     1C2E       2E      167       0
                text11                             1D90     1D90       20      167       0
                text10                             1F40     1F40       10      167       0
                text9                              1DD0     1DD0       1E      167       0
                text8                              1CDA     1CDA       26      167       0
                text7                                2C       2C        6        4       0
                text6                              1F8C     1F8C        C      167       0
                text5                                26       26        6        4       0
                text4                               2CE      2CE      870      167       0
                text3                              1678     1678       8E      167       0
                text2                              1EEE     1EEE       16      167       0
                text1                              110E     110E      108      167       0
                text0                              1AA2     1AA2       46      167       0
                cstackCOMRAM                         53       53       22        1       1
                dataBANK1                           14B      14B       14      100       1
                bssBANK1                            100      100       4B      100       1
                dataBANK0                            80       80       5C       80       1
                bssBANK0                             DC       DC       12       80       1
                dataCOMRAM                           75       75        8        1       1
                bssCOMRAM                             1        1       52        1       1
                cinit                              15E6     15E6       92      167       0
                idataBANK1                         1F1A     1F1A       14      167       0
                idataBANK0                         19AE     19AE       5C      167       0
                idataCOMRAM                          16       16        8        4       0

TOTAL           Name                               Link     Load   Length     Space
        CLASS   CODE           
                intcode                               8        8        A         0
                init                                 12       12        4         0
                reset_vec                             0        0        4         0
                text72                             1ED6     1ED6       18         0
                text70                             1946     1946       68         0
                text69                             18DE     18DE       68         0
                text68                             1BCC     1BCC       32         0
                text67                             1784     1784       7A         0
                text66                             1A0A     1A0A       50         0
                text65                             1CB2     1CB2       28         0
                text64                             1B66     1B66       34         0
                text63                             1A5A     1A5A       48         0
                text62                             1AE8     1AE8       44         0
                text61                             1216     1216      102         0
                text60                             1BFE     1BFE       30         0
                text59                             1540     1540       A6         0
                text58                             1EBE     1EBE       18         0
                text57                             1DB0     1DB0       20         0
                text56                             1D26     1D26       26         0
                text55                             1F04     1F04       16         0
                text54                             1E0C     1E0C       1C         0
                text53                             1E5C     1E5C       1A         0
                text52                             13DE     13DE       B8         0
                text51                             1D6E     1D6E       22         0
                text50                             1F2E     1F2E       12         0
                text49                               32       32        6         0
                text48                              FBE      FBE      150         0
                text47                             1FE0     1FE0        C         0
                text46                             1FD4     1FD4        C         0
                text45                             1B9A     1B9A       32         0
                text44                             1496     1496       AA         0
                text43                             1706     1706       7E         0
                text42                             1B2C     1B2C       3A         0
                text41                             1C88     1C88       2A         0
                text40                             1FC8     1FC8        C         0
                text39                             1FBC     1FBC        C         0
                text38                             1FB0     1FB0        C         0
                text37                             1F7E     1F7E        E         0
                text36                               40       40        4         0
                text35                             1FF6     1FF6        A         0
                text34                             1F60     1F60       10         0
                text33                             1D4C     1D4C       22         0
                text32                               1E       1E        8         0
                text31                             1C5C     1C5C       2C         0
                text30                              B3E      B3E      480         0
                text29                             186E     186E       70         0
                text28                             1FEC     1FEC        A         0
                text27                             1E42     1E42       1A         0
                text26                             17FE     17FE       70         0
                text25                             1F50     1F50       10         0
                text24                             1D00     1D00       26         0
                text23                             1DEE     1DEE       1E         0
                text22                             1318     1318       C6         0
                text21                               3C       3C        4         0
                text20                             1EA6     1EA6       18         0
                text19                             1E8E     1E8E       18         0
                text18                             1E28     1E28       1A         0
                text17                             1F70     1F70        E         0
                text16                               38       38        4         0
                text15                             1E76     1E76       18         0
                text14                             1FA4     1FA4        C         0
                text13                             1F98     1F98        C         0
                text12                             1C2E     1C2E       2E         0
                text11                             1D90     1D90       20         0
                text10                             1F40     1F40       10         0
                text9                              1DD0     1DD0       1E         0
                text8                              1CDA     1CDA       26         0
                text7                                2C       2C        6         0
                text6                              1F8C     1F8C        C         0
                text5                                26       26        6         0
                text4                               2CE      2CE      870         0
                text3                              1678     1678       8E         0
                text2                              1EEE     1EEE       16         0
                text1                              110E     110E      108         0
                text0                              1AA2     1AA2       46         0
                cinit                              15E6     15E6       92         0
                idataBANK1                         1F1A     1F1A       14         0
                idataBANK0                         19AE     19AE       5C         0
                idataCOMRAM                          16       16        8         0

        CLASS   CONST          

        CLASS   SMALLCONST     
                smallconst                          200      200       CE         0

        CLASS   MEDIUMCONST    

        CLASS   COMRAM         
                temp                                 7D       7D        1         1
                cstackCOMRAM                         53       53       22         1
                dataCOMRAM                           75       75        8         1
                bssCOMRAM                             1        1       52         1

        CLASS   ABS1           

        CLASS   BIGRAM         

        CLASS   RAM            

        CLASS   BANK0          
                dataBANK0                            80       80       5C         1
                bssBANK0                             DC       DC       12         1

        CLASS   BANK1          
                dataBANK1                           14B      14B       14         1
                bssBANK1                            100      100       4B         1

        CLASS   SFR            

        CLASS   BIGSFR         

        CLASS   CONFIG         
                config                           300000   300000        E         4

        CLASS   IDLOC          
                idloc                            200000   200000        8         5

        CLASS   EEDATA         

        CLASS   FARRAM         

        CLASS   HEAP           

        CLASS   STACK          



SEGMENTS        Name                           Load    Length   Top    Selector   Space  Class

                reset_vec                      000000  000004  000004         0       0  CODE    
                bssCOMRAM                      000001  00007D  00007E         1       1  COMRAM  
                intcode                        000008  00003C  000044         4       0  CODE    
                dataBANK0                      000080  00006E  0000EE        80       1  BANK0   
                bssBANK1                       000100  00005F  00015F       100       1  BANK1   
                smallconst                     000200  0000CE  0002CE       100       0  SMALLCON
                text4                          0002CE  001D32  002000       167       0  CODE    


UNUSED ADDRESS RANGES

        Name                Unused          Largest block    Delta
        BANK0            0000EE-0000FF               12
        BANK1            00015F-0001FF               A1
        BIGRAM           00007E-00007F                2
                         0000EE-0000FF               12
                         00015F-0001FF               A1
        BIGSFR           000F80-000FFF               80
        CODE             000004-000007                4
                         000044-0001FF              1BC
        COMRAM           00007E-00007F                2
        CONST            000004-000007                4
                         000044-0001FF              1BC
        EEDATA           F00000-F000FF              100
        RAM              0000EE-0000FF               12
                         00015F-0001FF               A1
        SFR              000F80-000FFF               80

                                  Symbol Table

?_TI_GetTics                    cstackCOMRAM 000053
?___awmod                       cstackCOMRAM 000053
?_getColumn                     cstackCOMRAM 000053
?_getSysTimestamp               cstackCOMRAM 000053
CantaData@Data                  cstackCOMRAM 000055
CantaIR@IR                      cstackCOMRAM 000055
CantaPartAlta@c                 cstackCOMRAM 000054
CantaPartBaixa@c                cstackCOMRAM 000054
EscriuPrimeraOrdre@ordre        cstackCOMRAM 000054
Espera@Timer                    cstackCOMRAM 000060
Espera@ms                       cstackCOMRAM 000062
LcGotoXY@Column                 cstackCOMRAM 000068
LcGotoXY@Fisics                 cstackCOMRAM 000066
LcGotoXY@Row                    cstackCOMRAM 000061
LcInit@columns                  cstackCOMRAM 000068
LcInit@i                        cstackCOMRAM 00006A
LcInit@rows                     cstackCOMRAM 000069
LcPutChar@c                     cstackCOMRAM 000069
TI_GetTics@CopyCurrentTics      cstackCOMRAM 00005B
TI_GetTics@TimerHandle          cstackCOMRAM 00005F
TI_Init@counter                 cstackCOMRAM 000053
TI_NewTimer@Counter             cstackCOMRAM 000056
TI_NewTimer@TimerHandle         cstackCOMRAM 000053
TI_ResetTics@TimerHandle        cstackCOMRAM 000053
WaitForBusy@Busy                cstackCOMRAM 000060
_ADCON0                         (abs)        000FC2
_ADCON0bits                     (abs)        000FC2
_ADCON1                         (abs)        000FC1
_ADCON2                         (abs)        000FC0
_ADRESH                         (abs)        000FC4
_BAUDCONbits                    (abs)        000FB8
_CURRENTTIME                    dataBANK0    000090
_CantaData                      text45       001B9A
_CantaIR                        text68       001BCC
_CantaPartAlta                  text70       001946
_CantaPartBaixa                 text69       0018DE
_ColumnAct                      bssCOMRAM    000043
_Columns                        bssCOMRAM    000045
_DIGITVALUES                    smallconst   000201
_EEADR                          (abs)        000FA9
_EECON1bits                     (abs)        000FA6
_EECON2                         (abs)        000FA7
_EEDATA                         (abs)        000FA8
_ENDCOMMUNICATION               dataBANK0    0000D1
_ERRORMESSAGES                  dataBANK1    00014B
_EscriuPrimeraOrdre             text67       001784
_Espera                         text64       001B66
_INTCON2bits                    (abs)        000FF1
_INTCONbits                     (abs)        000FF2
_LATBbits                       (abs)        000F8A
_LATCbits                       (abs)        000F8B
_LATDbits                       (abs)        000F8C
_LcClear                        text11       001D90
_LcCursorOff                    text47       001FE0
_LcCursorOn                     text46       001FD4
_LcGotoXY                       text44       001496
_LcGotoXY$556                   cstackCOMRAM 000064
_LcInit                         text61       001216
_LcPutChar                      text43       001706
_MAINMENU                       smallconst   00020D
_MODIFYTIME                     dataBANK0    0000AC
_MUSICDELAY                     dataBANK0    000080
_MUSICPERIODS                   dataCOMRAM   000075
_PIR1bits                       (abs)        000F9E
_PLAYRECORDINGS                 dataBANK0    0000B9
_PORTBbits                      (abs)        000F81
_PORTDbits                      (abs)        000F83
_PORTNAMEMENU                   dataBANK0    0000C5
_RCREG                          (abs)        000FAE
_RCSTAbits                      (abs)        000FAB
_RSI_High                       intcode      000008
_RSI_Timer0                     text72       001ED6
_RowAct                         bssCOMRAM    000044
_Rows                           bssCOMRAM    000046
_SMSTimer                       bssCOMRAM    00004C
_SMSVALUES                      smallconst   000297
_SPBRG                          (abs)        000FAF
_SPBRGH                         (abs)        000FB0
_STARTRECORDING                 dataBANK0    00009E
_T0CON                          (abs)        000FD5
_TI_GetTics                     text66       001A0A
_TI_Init                        text60       001BFE
_TI_NewTimer                    text63       001A5A
_TI_ResetTics                   text65       001CB2
_TMR0                           (abs)        000FD6
_TMR0IF                         (abs)        007F92
_TRISAbits                      (abs)        000F92
_TRISBbits                      (abs)        000F93
_TRISCbits                      (abs)        000F94
_TRISDbits                      (abs)        000F95
_TXREG                          (abs)        000FAD
_TXSTAbits                      (abs)        000FAC
_Tics                           bssCOMRAM    00001D
_Timers                         bssBANK1     000100
_WaitForBusy                    text62       001AE8
__HRAM                          (abs)        000000
__H__absolute__                 __absolute__ 000000
__Habs1                         abs1         000000
__Hbank0                        bank0        000000
__Hbank1                        bank1        000000
__Hbigbss                       bigbss       000000
__Hbigdata                      bigdata      000000
__Hbigram                       bigram       000000
__Hbigsfr                       bigsfr       000000
__Hbss                          bss          000000
__HbssBANK0                     bssBANK0     000000
__HbssBANK1                     bssBANK1     000000
__HbssCOMRAM                    bssCOMRAM    000000
__Hcinit                        cinit        000000
__Hclrtext                      clrtext      000000
__Hcomram                       comram       000000
__Hconfig                       config       30000E
__Hconst                        const        000000
__HcstackCOMRAM                 cstackCOMRAM 000000
__Hdata                         data         000000
__HdataBANK0                    dataBANK0    000000
__HdataBANK1                    dataBANK1    000000
__HdataCOMRAM                   dataCOMRAM   000000
__Heeprom_data                  eeprom_data  000000
__Hfarbss                       farbss       000000
__Hfardata                      fardata      000000
__Hheap                         heap         000000
__Hibigdata                     ibigdata     000000
__Hidata                        idata        000000
__HidataBANK0                   idataBANK0   000000
__HidataBANK1                   idataBANK1   000000
__HidataCOMRAM                  idataCOMRAM  000000
__Hidloc                        idloc        200008
__Hifardata                     ifardata     000000
__Hinit                         init         000016
__Hintcode                      intcode      000012
__Hintcode_body                 intcode_body 000000
__Hintcodelo                    intcodelo    000012
__Hintentry                     intentry     000000
__Hintret                       intret       000000
__Hintsave_regs                 intsave_regs 000000
__Hirdata                       irdata       000000
__Hmediumconst                  mediumconst  000000
__HnvFARRAM                     nvFARRAM     000000
__Hnvbit                        nvbit        000000
__Hnvrram                       nvrram       000000
__Hparam                        rparam       000000
__Hpowerup                      powerup      000012
__Hram                          ram          000000
__Hramtop                       ramtop       000200
__Hrbit                         rbit         000000
__Hrbss                         rbss         000000
__Hrdata                        rdata        000000
__Hreset_vec                    reset_vec    000004
__Hrparam                       rparam       000000
__Hsfr                          sfr          000000
__Hsmallconst                   smallconst   0002CE
__Hspace_0                      (abs)        002000
__Hspace_1                      (abs)        00015F
__Hspace_2                      (abs)        000000
__Hspace_4                      (abs)        60000E
__Hstack                        stack        000000
__Hstruct                       struct       000000
__Htemp                         temp         00007E
__Htext                         text         000000
__Htext0                        text0        000000
__Htext1                        text1        000000
__Htext10                       text10       000000
__Htext11                       text11       000000
__Htext12                       text12       000000
__Htext13                       text13       000000
__Htext14                       text14       000000
__Htext15                       text15       000000
__Htext16                       text16       000000
__Htext17                       text17       000000
__Htext18                       text18       000000
__Htext19                       text19       000000
__Htext2                        text2        000000
__Htext20                       text20       000000
__Htext21                       text21       000000
__Htext22                       text22       000000
__Htext23                       text23       000000
__Htext24                       text24       000000
__Htext25                       text25       000000
__Htext26                       text26       000000
__Htext27                       text27       000000
__Htext28                       text28       000000
__Htext29                       text29       000000
__Htext3                        text3        000000
__Htext30                       text30       000000
__Htext31                       text31       000000
__Htext32                       text32       000000
__Htext33                       text33       000000
__Htext34                       text34       000000
__Htext35                       text35       000000
__Htext36                       text36       000000
__Htext37                       text37       000000
__Htext38                       text38       000000
__Htext39                       text39       000000
__Htext4                        text4        000000
__Htext40                       text40       000000
__Htext41                       text41       000000
__Htext42                       text42       000000
__Htext43                       text43       000000
__Htext44                       text44       000000
__Htext45                       text45       000000
__Htext46                       text46       000000
__Htext47                       text47       000000
__Htext48                       text48       000000
__Htext49                       text49       000000
__Htext5                        text5        000000
__Htext50                       text50       000000
__Htext51                       text51       000000
__Htext52                       text52       000000
__Htext53                       text53       000000
__Htext54                       text54       000000
__Htext55                       text55       000000
__Htext56                       text56       000000
__Htext57                       text57       000000
__Htext58                       text58       000000
__Htext59                       text59       000000
__Htext6                        text6        000000
__Htext60                       text60       000000
__Htext61                       text61       000000
__Htext62                       text62       000000
__Htext63                       text63       000000
__Htext64                       text64       000000
__Htext65                       text65       000000
__Htext66                       text66       000000
__Htext67                       text67       000000
__Htext68                       text68       000000
__Htext69                       text69       000000
__Htext7                        text7        000000
__Htext70                       text70       000000
__Htext72                       text72       000000
__Htext8                        text8        000000
__Htext9                        text9        000000
__LRAM                          (abs)        000001
__L__absolute__                 __absolute__ 000000
__Labs1                         abs1         000000
__Lbank0                        bank0        000000
__Lbank1                        bank1        000000
__Lbigbss                       bigbss       000000
__Lbigdata                      bigdata      000000
__Lbigram                       bigram       000000
__Lbigsfr                       bigsfr       000000
__Lbss                          bss          000000
__LbssBANK0                     bssBANK0     000000
__LbssBANK1                     bssBANK1     000000
__LbssCOMRAM                    bssCOMRAM    000000
__Lcinit                        cinit        000000
__Lclrtext                      clrtext      000000
__Lcomram                       comram       000000
__Lconfig                       config       000000
__Lconst                        const        000000
__LcstackCOMRAM                 cstackCOMRAM 000000
__Ldata                         data         000000
__LdataBANK0                    dataBANK0    000000
__LdataBANK1                    dataBANK1    000000
__LdataCOMRAM                   dataCOMRAM   000000
__Leeprom_data                  eeprom_data  000000
__Lfarbss                       farbss       000000
__Lfardata                      fardata      000000
__Lheap                         heap         000000
__Libigdata                     ibigdata     000000
__Lidata                        idata        000000
__LidataBANK0                   idataBANK0   000000
__LidataBANK1                   idataBANK1   000000
__LidataCOMRAM                  idataCOMRAM  000000
__Lidloc                        idloc        000000
__Lifardata                     ifardata     000000
__Linit                         init         000012
__Lintcode                      intcode      000008
__Lintcode_body                 intcode_body 000000
__Lintcodelo                    intcodelo    000012
__Lintentry                     intentry     000000
__Lintret                       intret       000000
__Lintsave_regs                 intsave_regs 000000
__Lirdata                       irdata       000000
__Lmediumconst                  mediumconst  000000
__LnvFARRAM                     nvFARRAM     000000
__Lnvbit                        nvbit        000000
__Lnvrram                       nvrram       000000
__Lparam                        rparam       000000
__Lpowerup                      powerup      000012
__Lram                          ram          000000
__Lramtop                       ramtop       000200
__Lrbit                         rbit         000000
__Lrbss                         rbss         000000
__Lrdata                        rdata        000000
__Lreset_vec                    reset_vec    000000
__Lrparam                       rparam       000000
__Lsfr                          sfr          000000
__Lsmallconst                   smallconst   000200
__Lspace_0                      (abs)        000000
__Lspace_1                      (abs)        000000
__Lspace_2                      (abs)        000000
__Lspace_4                      (abs)        000000
__Lstack                        stack        000000
__Lstruct                       struct       000000
__Ltemp                         temp         00007D
__Ltext                         text         000000
__Ltext0                        text0        000000
__Ltext1                        text1        000000
__Ltext10                       text10       000000
__Ltext11                       text11       000000
__Ltext12                       text12       000000
__Ltext13                       text13       000000
__Ltext14                       text14       000000
__Ltext15                       text15       000000
__Ltext16                       text16       000000
__Ltext17                       text17       000000
__Ltext18                       text18       000000
__Ltext19                       text19       000000
__Ltext2                        text2        000000
__Ltext20                       text20       000000
__Ltext21                       text21       000000
__Ltext22                       text22       000000
__Ltext23                       text23       000000
__Ltext24                       text24       000000
__Ltext25                       text25       000000
__Ltext26                       text26       000000
__Ltext27                       text27       000000
__Ltext28                       text28       000000
__Ltext29                       text29       000000
__Ltext3                        text3        000000
__Ltext30                       text30       000000
__Ltext31                       text31       000000
__Ltext32                       text32       000000
__Ltext33                       text33       000000
__Ltext34                       text34       000000
__Ltext35                       text35       000000
__Ltext36                       text36       000000
__Ltext37                       text37       000000
__Ltext38                       text38       000000
__Ltext39                       text39       000000
__Ltext4                        text4        000000
__Ltext40                       text40       000000
__Ltext41                       text41       000000
__Ltext42                       text42       000000
__Ltext43                       text43       000000
__Ltext44                       text44       000000
__Ltext45                       text45       000000
__Ltext46                       text46       000000
__Ltext47                       text47       000000
__Ltext48                       text48       000000
__Ltext49                       text49       000000
__Ltext5                        text5        000000
__Ltext50                       text50       000000
__Ltext51                       text51       000000
__Ltext52                       text52       000000
__Ltext53                       text53       000000
__Ltext54                       text54       000000
__Ltext55                       text55       000000
__Ltext56                       text56       000000
__Ltext57                       text57       000000
__Ltext58                       text58       000000
__Ltext59                       text59       000000
__Ltext6                        text6        000000
__Ltext60                       text60       000000
__Ltext61                       text61       000000
__Ltext62                       text62       000000
__Ltext63                       text63       000000
__Ltext64                       text64       000000
__Ltext65                       text65       000000
__Ltext66                       text66       000000
__Ltext67                       text67       000000
__Ltext68                       text68       000000
__Ltext69                       text69       000000
__Ltext7                        text7        000000
__Ltext70                       text70       000000
__Ltext72                       text72       000000
__Ltext8                        text8        000000
__Ltext9                        text9        000000
__S0                            (abs)        002000
__S1                            (abs)        00015F
__S4                            (abs)        000000
__S5                            (abs)        000000
___awmod                        text29       00186E
___awmod@counter                cstackCOMRAM 000057
___awmod@dividend               cstackCOMRAM 000053
___awmod@divisor                cstackCOMRAM 000055
___awmod@sign                   cstackCOMRAM 000058
___heap_hi                      (abs)        000000
___heap_lo                      (abs)        000000
___inthi_sp                     stack        000000
___intlo_sp                     stack        000000
___lbdiv                        text42       001B2C
___lbdiv@counter                cstackCOMRAM 000055
___lbdiv@dividend               cstackCOMRAM 000054
___lbdiv@divisor                cstackCOMRAM 000053
___lbdiv@quotient               cstackCOMRAM 000056
___lbmod                        text41       001C88
___lbmod@counter                cstackCOMRAM 000055
___lbmod@dividend               cstackCOMRAM 000054
___lbmod@divisor                cstackCOMRAM 000053
___lbmod@rem                    cstackCOMRAM 000056
___param_bank                   (abs)        000000
___rparam_used                  (abs)        000001
___sp                           stack        000000
__accesstop                     (abs)        000080
__activetblptr                  (abs)        000002
__end_of_CantaData              text45       001BCC
__end_of_CantaIR                text68       001BFE
__end_of_CantaPartAlta          text70       0019AE
__end_of_CantaPartBaixa         text69       001946
__end_of_DIGITVALUES            smallconst   00020D
__end_of_EscriuPrimeraOrdre     text67       0017FE
__end_of_Espera                 text64       001B9A
__end_of_LcClear                text11       001DB0
__end_of_LcCursorOff            text47       001FEC
__end_of_LcCursorOn             text46       001FE0
__end_of_LcGotoXY               text44       001540
__end_of_LcInit                 text61       001318
__end_of_LcPutChar              text43       001784
__end_of_MAINMENU               smallconst   000297
__end_of_RSI_High               intcode      000012
__end_of_RSI_Timer0             text72       001EEE
__end_of_SMSVALUES              smallconst   0002CD
__end_of_TI_GetTics             text66       001A5A
__end_of_TI_Init                text60       001C2E
__end_of_TI_NewTimer            text63       001AA2
__end_of_TI_ResetTics           text65       001CDA
__end_of_WaitForBusy            text62       001B2C
__end_of___awmod                text29       0018DE
__end_of___lbdiv                text42       001B66
__end_of___lbmod                text41       001CB2
__end_of__initialization        cinit        00166A
__end_of_audioLoop              text59       0015E6
__end_of_chargeMemory           text28       001FF6
__end_of_checkRX                text40       001FD4
__end_of_checkTX                text39       001FC8
__end_of_displayMenu            text26       00186E
__end_of_displayRecordings      text25       001F60
__end_of_displayTimestamp       text38       001FBC
__end_of_finishedDisplay        text37       001F8C
__end_of_getCharacter           text22       0013DE
__end_of_getColumn              text24       001D26
__end_of_getColumnAct           text21       000040
__end_of_getDigit               text51       001D90
__end_of_getDigitValue          text23       001E0C
__end_of_getJoystickDown        text20       001EBE
__end_of_getJoystickUp          text19       001EA6
__end_of_getNumRecordings       text18       001E42
__end_of_getRX                  text36       000044
__end_of_getSysTimestamp        text35       002000
__end_of_goToWaitState          text10       001F50
__end_of_incrementSysTimestamp  text2        001F04
__end_of_initAudio              text58       001ED6
__end_of_initJoystick           text57       001DD0
__end_of_initKeypad             text56       001D4C
__end_of_initMenu               text55       001F1A
__end_of_initSIO                text54       001E28
__end_of_initSysTimer           text53       001E76
__end_of_isIdle                 text17       001F7E
__end_of_isNextKey              text16       00003C
__end_of_isPressed              text15       001E8E
__end_of_joystickAlive          text14       001FB0
__end_of_joystickIdle           text13       001FA4
__end_of_joystickLoop           text52       001496
__end_of_keypadLoop             text48       00110E
__end_of_lcdAddString           text12       001C5C
__end_of_main                   text0        001AE8
__end_of_memoryLoop             text30       000FBE
__end_of_menuLoop               text4        000B3E
__end_of_moveOneRow             text27       001E5C
__end_of_playMusic              text50       001F40
__end_of_readData               text34       001F70
__end_of_refreshDisplay         text8        001D00
__end_of_resetDisplay           text9        001DEE
__end_of_saveData               text33       001D6E
__end_of_saveIndex              text7        000032
__end_of_sendIndex              text6        001F98
__end_of_sendTimestamp          text5        00002C
__end_of_setTX                  text32       000026
__end_of_smsLoop                text3        001706
__end_of_stopMusic              text49       000038
__end_of_sysTimerLoop           text1        001216
__end_of_updateSysTimestamp     text31       001C88
__initialization                cinit        0015E6
__mediumconst                   mediumconst  000000
__pbssBANK0                     bssBANK0     0000DC
__pbssBANK1                     bssBANK1     000100
__pbssCOMRAM                    bssCOMRAM    000001
__pcinit                        cinit        0015E6
__pcstackCOMRAM                 cstackCOMRAM 000053
__pdataBANK0                    dataBANK0    000080
__pdataBANK1                    dataBANK1    00014B
__pdataCOMRAM                   dataCOMRAM   000075
__pidataBANK0                   idataBANK0   0019AE
__pidataBANK1                   idataBANK1   001F1A
__pidataCOMRAM                  idataCOMRAM  000016
__pintcode                      intcode      000008
__psmallconst                   smallconst   000200
__ptext0                        text0        001AA2
__ptext1                        text1        00110E
__ptext10                       text10       001F40
__ptext11                       text11       001D90
__ptext12                       text12       001C2E
__ptext13                       text13       001F98
__ptext14                       text14       001FA4
__ptext15                       text15       001E76
__ptext16                       text16       000038
__ptext17                       text17       001F70
__ptext18                       text18       001E28
__ptext19                       text19       001E8E
__ptext2                        text2        001EEE
__ptext20                       text20       001EA6
__ptext21                       text21       00003C
__ptext22                       text22       001318
__ptext23                       text23       001DEE
__ptext24                       text24       001D00
__ptext25                       text25       001F50
__ptext26                       text26       0017FE
__ptext27                       text27       001E42
__ptext28                       text28       001FEC
__ptext29                       text29       00186E
__ptext3                        text3        001678
__ptext30                       text30       000B3E
__ptext31                       text31       001C5C
__ptext32                       text32       00001E
__ptext33                       text33       001D4C
__ptext34                       text34       001F60
__ptext35                       text35       001FF6
__ptext36                       text36       000040
__ptext37                       text37       001F7E
__ptext38                       text38       001FB0
__ptext39                       text39       001FBC
__ptext4                        text4        0002CE
__ptext40                       text40       001FC8
__ptext41                       text41       001C88
__ptext42                       text42       001B2C
__ptext43                       text43       001706
__ptext44                       text44       001496
__ptext45                       text45       001B9A
__ptext46                       text46       001FD4
__ptext47                       text47       001FE0
__ptext48                       text48       000FBE
__ptext49                       text49       000032
__ptext5                        text5        000026
__ptext50                       text50       001F2E
__ptext51                       text51       001D6E
__ptext52                       text52       0013DE
__ptext53                       text53       001E5C
__ptext54                       text54       001E0C
__ptext55                       text55       001F04
__ptext56                       text56       001D26
__ptext57                       text57       001DB0
__ptext58                       text58       001EBE
__ptext59                       text59       001540
__ptext6                        text6        001F8C
__ptext60                       text60       001BFE
__ptext61                       text61       001216
__ptext62                       text62       001AE8
__ptext63                       text63       001A5A
__ptext64                       text64       001B66
__ptext65                       text65       001CB2
__ptext66                       text66       001A0A
__ptext67                       text67       001784
__ptext68                       text68       001BCC
__ptext69                       text69       0018DE
__ptext7                        text7        00002C
__ptext70                       text70       001946
__ptext72                       text72       001ED6
__ptext8                        text8        001CDA
__ptext9                        text9        001DD0
__ramtop                        ramtop       000200
__smallconst                    smallconst   000200
_audioLoop                      text59       001540
_chargeMemory                   text28       001FEC
_checkRX                        text40       001FC8
_checkTX                        text39       001FBC
_colIndex                       bssCOMRAM    000041
_currentKey                     bssCOMRAM    000032
_data                           bssCOMRAM    00002B
_debouncerTimer                 bssCOMRAM    00004D
_direction                      bssCOMRAM    00004A
_displayMenu                    text26       0017FE
_displayPos                     bssCOMRAM    000040
_displayRecordings              text25       001F50
_displayTimestamp               text38       001FB0
_finishedDisplay                text37       001F7E
_getCharacter                   text22       001318
_getColumn                      text24       001D00
_getColumnAct                   text21       00003C
_getDigit                       text51       001D6E
_getDigitValue                  text23       001DEE
_getJoystickDown                text20       001EA6
_getJoystickDown$267            cstackCOMRAM 000053
_getJoystickUp                  text19       001E8E
_getJoystickUp$269              cstackCOMRAM 000053
_getNumRecordings               text18       001E28
_getNumRecordings$1580          cstackCOMRAM 000053
_getRX                          text36       000040
_getSysTimestamp                text35       001FF6
_goToWaitState                  text10       001F40
_hasMoved                       bssCOMRAM    000049
_incrementSysTimestamp          text2        001EEE
_index                          bssCOMRAM    00003F
_index@SystemTimer$F936         bssCOMRAM    000036
_indexEEPROM                    bssCOMRAM    00002C
_indexTemp                      bssCOMRAM    00002D
_initAudio                      text58       001EBE
_initJoystick                   text57       001DB0
_initKeypad                     text56       001D26
_initMenu                       text55       001F04
_initSIO                        text54       001E0C
_initSysTimer                   text53       001E5C
_isIdle                         text17       001F70
_isNextKey                      text16       000038
_isPressed                      text15       001E76
_isPressed$1194                 cstackCOMRAM 000053
_joystickAlive                  text14       001FA4
_joystickIdle                   text13       001F98
_joystickLoop                   text52       0013DE
_joystickLoop$265               cstackCOMRAM 000055
_keyPressed                     bssCOMRAM    000030
_keypadLoop                     text48       000FBE
_lcdAddString                   text12       001C2E
_main                           text0        001AA2
_memoryLoop                     text30       000B3E
_memoryLoop$1563                cstackCOMRAM 00006C
_memoryLoop$1564                cstackCOMRAM 00006E
_memoryLoop$1566                cstackCOMRAM 000070
_menuLoop                       text4        0002CE
_menuLoop$799                   cstackCOMRAM 000073
_moveOneRow                     text27       001E42
_nextKey                        bssCOMRAM    000035
_numPressed                     bssCOMRAM    00002F
_pTime                          bssCOMRAM    000050
_period                         bssCOMRAM    000038
_playMusic                      text50       001F2E
_portName                       bssCOMRAM    000019
_previousKey                    bssCOMRAM    000031
_readData                       text34       001F60
_recordings                     bssCOMRAM    000001
_refreshDisplay                 text8        001CDA
_resetDisplay                   text9        001DD0
_row                            bssCOMRAM    000021
_rowIndex                       bssCOMRAM    000042
_saveData                       text33       001D4C
_saveIndex                      text7        00002C
_scroll                         bssCOMRAM    000025
_scrollIndex                    bssCOMRAM    000023
_sendIndex                      text6        001F8C
_sendTimestamp                  text5        000026
_setTX                          text32       00001E
_skipState                      bssCOMRAM    00003E
_smsLoop                        text3        001678
_songTime                       bssCOMRAM    00004F
_songTimer                      bssCOMRAM    000051
_state                          bssCOMRAM    00004B
_state@Audio$F899               bssCOMRAM    000039
_state@EEPROM$F1543             bssCOMRAM    00002E
_state@Keypad$F1158             bssCOMRAM    000034
_state@Menu$F788                bssCOMRAM    00003D
_state@SystemTimer$F935         bssCOMRAM    000037
_stateSMS                       bssCOMRAM    000033
_stateToGo                      bssCOMRAM    00003A
_stopMusic                      text49       000032
_sysTimerLoop                   text1        00110E
_sysTmr                         bssCOMRAM    00004E
_timeValue                      bssCOMRAM    000027
_timer                          bssCOMRAM    000052
_timestamp                      bssBANK0     0000DC
_tmpPortChar                    bssCOMRAM    00003C
_updateSysTimestamp             text31       001C5C
_waitState                      bssCOMRAM    00003B
_x                              bssCOMRAM    000048
_y                              bssCOMRAM    000047
btemp                           temp         00007D
displayMenu@string              cstackCOMRAM 00006A
displayRecordings@indexPosition cstackCOMRAM 000053
displayTimestamp@i              cstackCOMRAM 000053
end_of_initialization           cinit        00166A
getCharacter@digit              cstackCOMRAM 000058
goToWaitState@stg               cstackCOMRAM 000053
int$flags                       temp         00007D
intlevel0                       text         000000
intlevel1                       text         000000
intlevel2                       text         000000
intlevel3                       text         000000
isa$std                         (abs)        000001
isa$xinst                       (abs)        000000
lcdAddString@string             cstackCOMRAM 00006A
playMusic@aux                   cstackCOMRAM 000054
readData@address                cstackCOMRAM 000053
resetDisplay@stg                cstackCOMRAM 000068
saveData@address                cstackCOMRAM 000054
saveData@data                   cstackCOMRAM 000053
sendIndex@indexPosition         cstackCOMRAM 000053
setTX@letter                    cstackCOMRAM 000053
stackhi                         (abs)        000000
stacklo                         (abs)        000000
start                           init         000012
start_initialization            cinit        0015E6
ttemp5                          temp         00007E
ttemp6                          temp         000081
ttemp7                          temp         000085
updateSysTimestamp@i            cstackCOMRAM 000056
updateSysTimestamp@time         cstackCOMRAM 000054
wtemp8                          temp         00007E


MODULE INFORMATION

Module		Function		Class		Link	Load	Size
C:\Program Files\Microchip\xc8\v2.41\pic\sources\c99\common\awmod.c
		___awmod       		CODE           	186E	0000	112

C:\Program Files\Microchip\xc8\v2.41\pic\sources\c99\common\awmod.c estimated size: 112

Audio.c
		_initAudio     		CODE           	1EBE	0000	24
		_audioLoop     		CODE           	1540	0000	166
		_playMusic     		CODE           	1F2E	0000	18
		_stopMusic     		CODE           	0032	0000	6

Audio.c estimated size: 214

Timer.c
		_TI_ResetTics  		CODE           	1CB2	0000	40
		_TI_NewTimer   		CODE           	1A5A	0000	72
		_RSI_Timer0    		CODE           	1ED6	0000	24
		_TI_Init       		CODE           	1BFE	0000	48
		_TI_GetTics    		CODE           	1A0A	0000	80

Timer.c estimated size: 264

SystemTimer.c
		_initSysTimer  		CODE           	1E5C	0000	26
		_sysTimerLoop  		CODE           	110E	0000	264
		_getSysTimestamp		CODE           	1FF6	0000	10
		_displayTimestamp		CODE           	1FB0	0000	12
		_incrementSysTimestamp		CODE           	1EEE	0000	22
		_finishedDisplay		CODE           	1F7E	0000	14
		_updateSysTimestamp		CODE           	1C5C	0000	44

SystemTimer.c estimated size: 392

Keypad.c
		_getDigitValue 		CODE           	1DEE	0000	30
		_smsLoop       		CODE           	1678	0000	142
		_keypadLoop    		CODE           	0FBE	0000	336
		_getColumn     		CODE           	1D00	0000	38
		_getCharacter  		CODE           	1318	0000	198
		_isNextKey     		CODE           	0038	0000	4
		_getDigit      		CODE           	1D6E	0000	34
		_initKeypad    		CODE           	1D26	0000	38
		_isPressed     		CODE           	1E76	0000	24

Keypad.c estimated size: 844

C:\Program Files\Microchip\xc8\v2.41\pic\sources\c99\common\lbmod.c
		___lbmod       		CODE           	1C88	0000	42

C:\Program Files\Microchip\xc8\v2.41\pic\sources\c99\common\lbmod.c estimated size: 42

Menu.c
		_lcdAddString  		CODE           	1C2E	0000	46
		_displayMenu   		CODE           	17FE	0000	112
		_moveOneRow    		CODE           	1E42	0000	26
		_goToWaitState 		CODE           	1F40	0000	16
		_refreshDisplay		CODE           	1CDA	0000	38
		_initMenu      		CODE           	1F04	0000	22
		_resetDisplay  		CODE           	1DD0	0000	30
		_menuLoop      		CODE           	02CE	0000	2160

Menu.c estimated size: 2450

SIO.c
		_checkTX       		CODE           	1FBC	0000	12
		_checkRX       		CODE           	1FC8	0000	12
		_getRX         		CODE           	0040	0000	4
		_initSIO       		CODE           	1E0C	0000	28
		_setTX         		CODE           	001E	0000	8

SIO.c estimated size: 64

EEPROM.c
		_sendIndex     		CODE           	1F8C	0000	12
		_saveData      		CODE           	1D4C	0000	34
		_readData      		CODE           	1F60	0000	16
		_memoryLoop    		CODE           	0B3E	0000	1152
		_getNumRecordings		CODE           	1E28	0000	26
		_saveIndex     		CODE           	002C	0000	6
		_sendTimestamp 		CODE           	0026	0000	6
		_displayRecordings		CODE           	1F50	0000	16
		_isIdle        		CODE           	1F70	0000	14
		_chargeMemory  		CODE           	1FEC	0000	10

EEPROM.c estimated size: 1292

LcTLCD.c
		_LcPutChar     		CODE           	1706	0000	126
		_EscriuPrimeraOrdre		CODE           	1784	0000	122
		_WaitForBusy   		CODE           	1AE8	0000	68
		_LcGotoXY      		CODE           	1496	0000	170
		_LcClear       		CODE           	1D90	0000	32
		_CantaData     		CODE           	1B9A	0000	50
		_LcCursorOn    		CODE           	1FD4	0000	12
		_LcCursorOff   		CODE           	1FE0	0000	12
		_LcInit        		CODE           	1216	0000	258
		_CantaPartAlta 		CODE           	1946	0000	104
		_Espera        		CODE           	1B66	0000	52
		_CantaIR       		CODE           	1BCC	0000	50
		_CantaPartBaixa		CODE           	18DE	0000	104
		_getColumnAct  		CODE           	003C	0000	4

LcTLCD.c estimated size: 1164

shared
		_SMSVALUES     		SMALLCONST     	0297	0000	54
		_DIGITVALUES   		SMALLCONST     	0201	0000	12
		__initialization		CODE           	15E6	0000	132
		_MAINMENU      		SMALLCONST     	020D	0000	138

shared estimated size: 336

Joystick.c
		_joystickAlive 		CODE           	1FA4	0000	12
		_getJoystickDown		CODE           	1EA6	0000	24
		_initJoystick  		CODE           	1DB0	0000	32
		_getJoystickUp 		CODE           	1E8E	0000	24
		_joystickIdle  		CODE           	1F98	0000	12
		_joystickLoop  		CODE           	13DE	0000	184

Joystick.c estimated size: 288

C:\Program Files\Microchip\xc8\v2.41\pic\sources\c99\common\lbdiv.c
		___lbdiv       		CODE           	1B2C	0000	58

C:\Program Files\Microchip\xc8\v2.41\pic\sources\c99\common\lbdiv.c estimated size: 58

MAIN.c
		_main          		CODE           	1AA2	0000	70
		_RSI_High      		CODE           	0008	0000	10

MAIN.c estimated size: 80

